// Vitest Snapshot v1

exports[`Affix > Affix baseVue demo works fine 1`] = `
<div
  class="affix-base"
>
  <t-affix
    offset-bottom="20"
    offset-top="140"
  >
    <t-button>
      固钉
    </t-button>
  </t-affix>
</div>
`;

exports[`Affix > Affix containerVue demo works fine 1`] = `
<div
  class="affix-container"
  data-v-8141d1d6=""
>
  <div
    class="affix-container-demo1"
    data-v-8141d1d6=""
  >
    <div
      class="background"
      data-v-8141d1d6=""
    >
      <t-affix
        container="function () { [native code] }"
        data-v-8141d1d6=""
        offset-bottom="50"
        offset-top="50"
        z-index="5"
      >
        <t-button
          data-v-8141d1d6=""
        >
          Fixed open:0
        </t-button>
      </t-affix>
    </div>
  </div>
</div>
`;
