// Vitest Snapshot v1

exports[`Checkbox > Checkbox baseVue demo works fine 1`] = `
<t-space
  data-v-3e7d6782=""
>
  <t-checkbox
    data-v-3e7d6782=""
  >
    未选中项
  </t-checkbox>
  <t-checkbox
    data-v-3e7d6782=""
    indeterminate=""
  >
    半选状态
  </t-checkbox>
  <t-checkbox
    checked="true"
    data-v-3e7d6782=""
  >
    选中项
  </t-checkbox>
  <t-checkbox
    data-v-3e7d6782=""
    disabled=""
  >
    未选禁用项
  </t-checkbox>
  <t-checkbox
    checked="true"
    data-v-3e7d6782=""
    disabled=""
  >
    选中禁用项
  </t-checkbox>
</t-space>
`;

exports[`Checkbox > Checkbox controlledVue demo works fine 1`] = `
<t-space
  data-v-032bf202=""
  direction="vertical"
  size="36px"
>
  <t-space
    data-v-032bf202=""
  >
    <t-checkbox
      data-v-032bf202=""
    >
      语法糖（v-model）
    </t-checkbox>
    <t-checkbox
      checked="true"
      data-v-032bf202=""
    >
      受控属性
    </t-checkbox>
    <t-checkbox
      data-v-032bf202=""
      onchange="function () { [native code] }"
    >
      非受控属性
    </t-checkbox>
  </t-space>
  <t-checkbox-group
    data-v-032bf202=""
    onchange="function () { [native code] }"
    options="[object Object],[object Object],[object Object],[object Object]"
    value="1"
  />
</t-space>
`;

exports[`Checkbox > Checkbox groupVue demo works fine 1`] = `
<t-space
  direction="vertical"
  size="48px"
>
  <t-space
    direction="vertical"
  >
    <div>
      方式一：业务侧自定义全选功能。选中值: 选项一
    </div>
    <div>
      <t-checkbox
        indeterminate="true"
        onchange="function () { [native code] }"
      >
        全选
      </t-checkbox>
    </div>
    <t-checkbox-group
      options="[object Object],[object Object],[object Object]"
    />
  </t-space>
  <t-space
    direction="vertical"
  >
    <div>
      方式二：组件内置全选功能，使用插槽定义选项。选中值: 选项一
    </div>
    <t-checkbox-group>
      <t-checkbox
        checkall="true"
        label="全选"
      />
      <t-checkbox
        value="选项一"
      >
        选项一
      </t-checkbox>
      <t-checkbox
        label="选项二"
        value="选项二"
      />
      <t-checkbox
        label="选项三"
        value="选项三"
      />
    </t-checkbox-group>
  </t-space>
  <t-space
    direction="vertical"
  >
    <div>
      方式三：组件内置全选功能，使用 \`options\` 定义选项。选中值: 选项一, 选项二, 选项三
    </div>
    <t-checkbox-group
      options="[object Object],[object Object],[object Object],[object Object]"
    />
  </t-space>
  <t-space
    direction="vertical"
  >
    <div>
      方式四：组件内置全选功能，非受控用法
    </div>
    <t-checkbox-group
      defaultvalue="选项一"
      options="[object Object],[object Object],[object Object],[object Object]"
    />
  </t-space>
</t-space>
`;

exports[`Checkbox > Checkbox linkVue demo works fine 1`] = `
<t-space
  direction="vertical"
  size="24px"
>
  <div>
    选中值: [
  "选项二"
]
  </div>
  <t-space
    direction="vertical"
  >
    <t-checkbox-group
      name="city"
      options="选项一,选项二,选项三"
    />
    <t-button
      size="small"
    >
      重置
    </t-button>
  </t-space>
</t-space>
`;
